{
  "version": "1.5.0",
  "plugins_used": [
    {
      "name": "ArtifactoryDetector"
    },
    {
      "name": "AWSKeyDetector"
    },
    {
      "name": "AzureStorageKeyDetector"
    },
    {
      "name": "Base64HighEntropyString",
      "limit": 4.5
    },
    {
      "name": "BasicAuthDetector"
    },
    {
      "name": "CloudantDetector"
    },
    {
      "name": "DiscordBotTokenDetector"
    },
    {
      "name": "GitHubTokenDetector"
    },
    {
      "name": "GitLabTokenDetector"
    },
    {
      "name": "HexHighEntropyString",
      "limit": 3.0
    },
    {
      "name": "IbmCloudIamDetector"
    },
    {
      "name": "IbmCosHmacDetector"
    },
    {
      "name": "IPPublicDetector"
    },
    {
      "name": "JwtTokenDetector"
    },
    {
      "name": "KeywordDetector",
      "keyword_exclude": ""
    },
    {
      "name": "MailchimpDetector"
    },
    {
      "name": "NpmDetector"
    },
    {
      "name": "OpenAIDetector"
    },
    {
      "name": "PrivateKeyDetector"
    },
    {
      "name": "PypiTokenDetector"
    },
    {
      "name": "SendGridDetector"
    },
    {
      "name": "SlackDetector"
    },
    {
      "name": "SoftlayerDetector"
    },
    {
      "name": "SquareOAuthDetector"
    },
    {
      "name": "StripeDetector"
    },
    {
      "name": "TelegramBotTokenDetector"
    },
    {
      "name": "TwilioKeyDetector"
    }
  ],
  "filters_used": [
    {
      "path": "detect_secrets.filters.allowlist.is_line_allowlisted"
    },
    {
      "path": "detect_secrets.filters.common.is_ignored_due_to_verification_policies",
      "min_level": 2
    },
    {
      "path": "detect_secrets.filters.heuristic.is_indirect_reference"
    },
    {
      "path": "detect_secrets.filters.heuristic.is_likely_id_string"
    },
    {
      "path": "detect_secrets.filters.heuristic.is_lock_file"
    },
    {
      "path": "detect_secrets.filters.heuristic.is_not_alphanumeric_string"
    },
    {
      "path": "detect_secrets.filters.heuristic.is_potential_uuid"
    },
    {
      "path": "detect_secrets.filters.heuristic.is_prefixed_with_dollar_sign"
    },
    {
      "path": "detect_secrets.filters.heuristic.is_sequential_string"
    },
    {
      "path": "detect_secrets.filters.heuristic.is_swagger_file"
    },
    {
      "path": "detect_secrets.filters.heuristic.is_templated_secret"
    },
    {
      "path": "detect_secrets.filters.regex.should_exclude_file",
      "pattern": [
        "\\.venv/|\\.env\\.example$|\\.git/|__pycache__|\\.mypy_cache|\\.ruff_cache|\\.pytest_cache|\\.secrets\\.baseline"
      ]
    }
  ],
  "results": {
    "apps\\server\\docker-compose.dev.yml": [
      {
        "type": "Secret Keyword",
        "filename": "apps\\server\\docker-compose.dev.yml",
        "hashed_secret": "6220a3b9f277f3631e57203185d39ebc816fe62f",
        "is_verified": false,
        "line_number": 13
      },
      {
        "type": "Basic Auth Credentials",
        "filename": "apps\\server\\docker-compose.dev.yml",
        "hashed_secret": "6220a3b9f277f3631e57203185d39ebc816fe62f",
        "is_verified": false,
        "line_number": 42
      }
    ],
    "apps\\server\\src\\sentinelai\\platform\\config.py": [
      {
        "type": "Basic Auth Credentials",
        "filename": "apps\\server\\src\\sentinelai\\platform\\config.py",
        "hashed_secret": "6220a3b9f277f3631e57203185d39ebc816fe62f",
        "is_verified": false,
        "line_number": 57
      }
    ],
    "apps\\server\\tests\\unit\\test_config.py": [
      {
        "type": "Secret Keyword",
        "filename": "apps\\server\\tests\\unit\\test_config.py",
        "hashed_secret": "29f4f8d6ab1ce1bca5dd82ca2275850afca7b4a1",
        "is_verified": false,
        "line_number": 24
      },
      {
        "type": "Secret Keyword",
        "filename": "apps\\server\\tests\\unit\\test_config.py",
        "hashed_secret": "bc565f6e909ec7d3c18e2ff5d9eeb2300ff20b7f",
        "is_verified": false,
        "line_number": 83
      }
    ],
    "docker-compose.yml": [
      {
        "type": "Secret Keyword",
        "filename": "docker-compose.yml",
        "hashed_secret": "6220a3b9f277f3631e57203185d39ebc816fe62f",
        "is_verified": false,
        "line_number": 22
      },
      {
        "type": "Secret Keyword",
        "filename": "docker-compose.yml",
        "hashed_secret": "bb9b60979c9b2655542b2a878867e4123f551387",
        "is_verified": false,
        "line_number": 52
      }
    ]
  },
  "generated_at": "2026-08-18T10:20:18Z"
}
